
> quantum-blaze-erp@0.1.0 build
> next build

node.exe : ΓÜá Warning: Next.js inferred your workspace root, but it may not be correct.
At line:1 char:1
+ & "C:\Program Files\nodejs/node.exe" "C:\Users\ravis\AppData\Roaming\ ...
+ ~~~~~~~~~~~~~~~~~~~~~~~~~~~~~~~~~~~~~~~~~~~~~~~~~~~~~~~~~~~~~~~~~~~~~
    + CategoryInfo          : NotSpecified: (ΓÜá Warning: Ne...not be correct.:String) [], RemoteException
    + FullyQualifiedErrorId : NativeCommandError
 
 We detected multiple lockfiles and selected the directory of C:\Users\ravis\package-lock.json as the root directory.
 To silence this warning, set `turbopack.root` in your Next.js config, or consider removing one of the lockfiles if 
it's not needed.
   See https://nextjs.org/docs/app/api-reference/config/next-config-js/turbopack#root-directory for more information.
 Detected additional lockfiles: 
   * C:\Users\ravis\OneDrive\Desktop\QuntamBlaze ERP\package-lock.json

Γû▓ Next.js 16.2.5 (Turbopack)

  Creating an optimized production build ...

> Build error occurred
Error: Turbopack build failed with 7 errors:
./OneDrive/Desktop/QuntamBlaze ERP/src/app/dashboard/finance/invoices/new/page.tsx:7:1
Module not found: Can't resolve '@react-pdf/renderer'
  [90m 5 |[0m [36mimport[0m { [33mInvoiceEditorPanel[0m } [36mfrom[0m 
[32m"@/components/dashboard/finance/invoices/InvoiceEditorP...[0m
  [90m 6 |[0m [36mimport[0m { [33mInvoicePreviewPane[0m } [36mfrom[0m 
[32m"@/components/dashboard/finance/invoices/InvoicePreview...[0m
[31m[1m>[0m [90m 7 |[0m [36mimport[0m { [33mPDFDownloadLink[0m } [36mfrom[0m [32m"@react-pdf/renderer"[0m;
  [90m   |[0m [31m[1m^^^^^^^^^^^^^^^^^^^^^^^^^^^^^^^^^^^^^^^^^^^^^^^^^^^^^^[0m
  [90m 8 |[0m [36mimport[0m { [33mInvoicePDFTemplate[0m } [36mfrom[0m 
[32m"@/components/dashboard/finance/invoices/InvoicePDFTemp...[0m
  [90m 9 |[0m [36mimport[0m { [33mDownload[0m, [33mLoader2[0m } [36mfrom[0m [32m"lucide-react"[0m;
  [90m10 |[0m [36mimport[0m { motion } [36mfrom[0m [32m"framer-motion"[0m;



Import traces:
  Client Component Browser:
    ./OneDrive/Desktop/QuntamBlaze ERP/src/app/dashboard/finance/invoices/new/page.tsx [Client Component Browser]
    ./OneDrive/Desktop/QuntamBlaze ERP/src/app/dashboard/finance/invoices/new/page.tsx [Server Component]

  Client Component SSR:
    ./OneDrive/Desktop/QuntamBlaze ERP/src/app/dashboard/finance/invoices/new/page.tsx [Client Component SSR]
    ./OneDrive/Desktop/QuntamBlaze ERP/src/app/dashboard/finance/invoices/new/page.tsx [Server Component]

https://nextjs.org/docs/messages/module-not-found


./OneDrive/Desktop/QuntamBlaze ERP/src/components/dashboard/finance/invoices/InvoicePDFTemplate.tsx:3:1
Module not found: Can't resolve '@react-pdf/renderer'
  [90m1 |[0m [32m"use client"[0m;
  [90m2 |[0m
[31m[1m>[0m [90m3 |[0m [36mimport[0m { [33mDocument[0m, [33mPage[0m, [33mText[0m, [33mView[0m, 
[33mStyleSheet[0m, [33mFont[0m } [36mfrom[0m [32m"@react-pdf/renderer"[0m;
  [90m  |[0m [31m[1m^^^^^^^^^^^^^^^^^^^^^^^^^^^^^^^^^^^^^^^^^^^^^^^^^^^^^^^^^^^^^^^^^^^^^^^^^^^^^^^^^^^[0m
  [90m4 |[0m [36mimport[0m { [33mInvoiceFormData[0m } [36mfrom[0m [32m"@/types/invoice"[0m;
  [90m5 |[0m [36mimport[0m { calculateTotals } [36mfrom[0m [32m"@/lib/finance/taxCalculator"[0m;
  [90m6 |[0m



Import traces:
  Client Component Browser:
    ./OneDrive/Desktop/QuntamBlaze ERP/src/components/dashboard/finance/invoices/InvoicePDFTemplate.tsx [Client 
Component Browser]
    ./OneDrive/Desktop/QuntamBlaze ERP/src/app/dashboard/finance/invoices/new/page.tsx [Client Component Browser]
    ./OneDrive/Desktop/QuntamBlaze ERP/src/app/dashboard/finance/invoices/new/page.tsx [Server Component]

  Client Component SSR:
    ./OneDrive/Desktop/QuntamBlaze ERP/src/components/dashboard/finance/invoices/InvoicePDFTemplate.tsx [Client 
Component SSR]
    ./OneDrive/Desktop/QuntamBlaze ERP/src/app/dashboard/finance/invoices/new/page.tsx [Client Component SSR]
    ./OneDrive/Desktop/QuntamBlaze ERP/src/app/dashboard/finance/invoices/new/page.tsx [Server Component]

https://nextjs.org/docs/messages/module-not-found


./OneDrive/Desktop/QuntamBlaze ERP/src/hooks/useDocumentEditor.ts:8:1
Module not found: Can't resolve '@tiptap/extension-table-header'
  [90m 6 |[0m [36mimport[0m [33mTableRow[0m [36mfrom[0m [32m"@tiptap/extension-table-row"[0m;
  [90m 7 |[0m [36mimport[0m [33mTableCell[0m [36mfrom[0m [32m"@tiptap/extension-table-cell"[0m;
[31m[1m>[0m [90m 8 |[0m [36mimport[0m [33mTableHeader[0m [36mfrom[0m 
[32m"@tiptap/extension-table-header"[0m;
  [90m   |[0m [31m[1m^^^^^^^^^^^^^^^^^^^^^^^^^^^^^^^^^^^^^^^^^^^^^^^^^^^^^^^^^[0m
  [90m 9 |[0m [36mimport[0m [33mPlaceholder[0m [36mfrom[0m [32m"@tiptap/extension-placeholder"[0m;
  [90m10 |[0m [36mimport[0m [33mCharacterCount[0m [36mfrom[0m [32m"@tiptap/extension-character-count"[0m;
  [90m11 |[0m [36mimport[0m [33mImage[0m [36mfrom[0m [32m"@tiptap/extension-image"[0m;



Import traces:
  Client Component Browser:
    ./OneDrive/Desktop/QuntamBlaze ERP/src/hooks/useDocumentEditor.ts [Client Component Browser]
    ./OneDrive/Desktop/QuntamBlaze ERP/src/app/dashboard/documents/[docId]/edit/page.tsx [Client Component Browser]
    ./OneDrive/Desktop/QuntamBlaze ERP/src/app/dashboard/documents/[docId]/edit/page.tsx [Server Component]

  Client Component SSR:
    ./OneDrive/Desktop/QuntamBlaze ERP/src/hooks/useDocumentEditor.ts [Client Component SSR]
    ./OneDrive/Desktop/QuntamBlaze ERP/src/app/dashboard/documents/[docId]/edit/page.tsx [Client Component SSR]
    ./OneDrive/Desktop/QuntamBlaze ERP/src/app/dashboard/documents/[docId]/edit/page.tsx [Server Component]

https://nextjs.org/docs/messages/module-not-found


./OneDrive/Desktop/QuntamBlaze ERP/src/components/dashboard/projects/proposal/ProposalEditor.tsx:6:1
Export default doesn't exist in target module
  [90m4 |[0m [36mimport[0m [33mStarterKit[0m [36mfrom[0m [32m"@tiptap/starter-kit"[0m;
  [90m5 |[0m [36mimport[0m [33mPlaceholder[0m [36mfrom[0m [32m"@tiptap/extension-placeholder"[0m;
[31m[1m>[0m [90m6 |[0m [36mimport[0m [33mTable[0m [36mfrom[0m [32m"@tiptap/extension-table"[0m;
  [90m  |[0m [31m[1m^^^^^^^^^^^^^^^^^^^^^^^^^^^^^^^^^^^^^^^^^^^^[0m
  [90m7 |[0m [36mimport[0m [33mTableRow[0m [36mfrom[0m [32m"@tiptap/extension-table-row"[0m;
  [90m8 |[0m [36mimport[0m [33mTableCell[0m [36mfrom[0m [32m"@tiptap/extension-table-cell"[0m;
  [90m9 |[0m [36mimport[0m { [33mProposalSection[0m } [36mfrom[0m [32m"@/types/proposal"[0m;

The export default was not found in module [project]/OneDrive/Desktop/QuntamBlaze 
ERP/node_modules/@tiptap/extension-table/dist/index.js [app-client] (ecmascript).
Did you mean to import updateColumns?
All exports of the module are statically known (It doesn't have dynamic exports). So it's known statically that the 
requested export doesn't exist.

Import traces:
  Client Component Browser:
    ./OneDrive/Desktop/QuntamBlaze ERP/src/components/dashboard/projects/proposal/ProposalEditor.tsx [Client Component 
Browser]
    ./OneDrive/Desktop/QuntamBlaze ERP/src/app/dashboard/projects/[prjId]/proposal/page.tsx [Client Component Browser]
    ./OneDrive/Desktop/QuntamBlaze ERP/src/app/dashboard/projects/[prjId]/proposal/page.tsx [Server Component]

  Client Component SSR:
    ./OneDrive/Desktop/QuntamBlaze ERP/src/components/dashboard/projects/proposal/ProposalEditor.tsx [Client Component 
SSR]
    ./OneDrive/Desktop/QuntamBlaze ERP/src/app/dashboard/projects/[prjId]/proposal/page.tsx [Client Component SSR]
    ./OneDrive/Desktop/QuntamBlaze ERP/src/app/dashboard/projects/[prjId]/proposal/page.tsx [Server Component]


./OneDrive/Desktop/QuntamBlaze ERP/src/components/dashboard/projects/proposal/ProposalEditor.tsx:6:1
Export default doesn't exist in target module
  [90m4 |[0m [36mimport[0m [33mStarterKit[0m [36mfrom[0m [32m"@tiptap/starter-kit"[0m;
  [90m5 |[0m [36mimport[0m [33mPlaceholder[0m [36mfrom[0m [32m"@tiptap/extension-placeholder"[0m;
[31m[1m>[0m [90m6 |[0m [36mimport[0m [33mTable[0m [36mfrom[0m [32m"@tiptap/extension-table"[0m;
  [90m  |[0m [31m[1m^^^^^^^^^^^^^^^^^^^^^^^^^^^^^^^^^^^^^^^^^^^^[0m
  [90m7 |[0m [36mimport[0m [33mTableRow[0m [36mfrom[0m [32m"@tiptap/extension-table-row"[0m;
  [90m8 |[0m [36mimport[0m [33mTableCell[0m [36mfrom[0m [32m"@tiptap/extension-table-cell"[0m;
  [90m9 |[0m [36mimport[0m { [33mProposalSection[0m } [36mfrom[0m [32m"@/types/proposal"[0m;

The export default was not found in module [project]/OneDrive/Desktop/QuntamBlaze 
ERP/node_modules/@tiptap/extension-table/dist/index.js [app-ssr] (ecmascript).
Did you mean to import updateColumns?
All exports of the module are statically known (It doesn't have dynamic exports). So it's known statically that the 
requested export doesn't exist.

Import traces:
  Client Component Browser:
    ./OneDrive/Desktop/QuntamBlaze ERP/src/components/dashboard/projects/proposal/ProposalEditor.tsx [Client Component 
Browser]
    ./OneDrive/Desktop/QuntamBlaze ERP/src/app/dashboard/projects/[prjId]/proposal/page.tsx [Client Component Browser]
    ./OneDrive/Desktop/QuntamBlaze ERP/src/app/dashboard/projects/[prjId]/proposal/page.tsx [Server Component]

  Client Component SSR:
    ./OneDrive/Desktop/QuntamBlaze ERP/src/components/dashboard/projects/proposal/ProposalEditor.tsx [Client Component 
SSR]
    ./OneDrive/Desktop/QuntamBlaze ERP/src/app/dashboard/projects/[prjId]/proposal/page.tsx [Client Component SSR]
    ./OneDrive/Desktop/QuntamBlaze ERP/src/app/dashboard/projects/[prjId]/proposal/page.tsx [Server Component]


./OneDrive/Desktop/QuntamBlaze ERP/src/hooks/useDocumentEditor.ts:5:1
Export default doesn't exist in target module
  [90m3 |[0m [36mimport[0m { useEditor } [36mfrom[0m [32m"@tiptap/react"[0m;
  [90m4 |[0m [36mimport[0m [33mStarterKit[0m [36mfrom[0m [32m"@tiptap/starter-kit"[0m;
[31m[1m>[0m [90m5 |[0m [36mimport[0m [33mTable[0m [36mfrom[0m [32m"@tiptap/extension-table"[0m;
  [90m  |[0m [31m[1m^^^^^^^^^^^^^^^^^^^^^^^^^^^^^^^^^^^^^^^^^^^^[0m
  [90m6 |[0m [36mimport[0m [33mTableRow[0m [36mfrom[0m [32m"@tiptap/extension-table-row"[0m;
  [90m7 |[0m [36mimport[0m [33mTableCell[0m [36mfrom[0m [32m"@tiptap/extension-table-cell"[0m;
  [90m8 |[0m [36mimport[0m [33mTableHeader[0m [36mfrom[0m [32m"@tiptap/extension-table-header"[0m;

The export default was not found in module [project]/OneDrive/Desktop/QuntamBlaze 
ERP/node_modules/@tiptap/extension-table/dist/index.js [app-client] (ecmascript).
Did you mean to import updateColumns?
All exports of the module are statically known (It doesn't have dynamic exports). So it's known statically that the 
requested export doesn't exist.

Import traces:
  Client Component Browser:
    ./OneDrive/Desktop/QuntamBlaze ERP/src/hooks/useDocumentEditor.ts [Client Component Browser]
    ./OneDrive/Desktop/QuntamBlaze ERP/src/app/dashboard/documents/[docId]/edit/page.tsx [Client Component Browser]
    ./OneDrive/Desktop/QuntamBlaze ERP/src/app/dashboard/documents/[docId]/edit/page.tsx [Server Component]

  Client Component SSR:
    ./OneDrive/Desktop/QuntamBlaze ERP/src/hooks/useDocumentEditor.ts [Client Component SSR]
    ./OneDrive/Desktop/QuntamBlaze ERP/src/app/dashboard/documents/[docId]/edit/page.tsx [Client Component SSR]
    ./OneDrive/Desktop/QuntamBlaze ERP/src/app/dashboard/documents/[docId]/edit/page.tsx [Server Component]


./OneDrive/Desktop/QuntamBlaze ERP/src/hooks/useDocumentEditor.ts:5:1
Export default doesn't exist in target module
  [90m3 |[0m [36mimport[0m { useEditor } [36mfrom[0m [32m"@tiptap/react"[0m;
  [90m4 |[0m [36mimport[0m [33mStarterKit[0m [36mfrom[0m [32m"@tiptap/starter-kit"[0m;
[31m[1m>[0m [90m5 |[0m [36mimport[0m [33mTable[0m [36mfrom[0m [32m"@tiptap/extension-table"[0m;
  [90m  |[0m [31m[1m^^^^^^^^^^^^^^^^^^^^^^^^^^^^^^^^^^^^^^^^^^^^[0m
  [90m6 |[0m [36mimport[0m [33mTableRow[0m [36mfrom[0m [32m"@tiptap/extension-table-row"[0m;
  [90m7 |[0m [36mimport[0m [33mTableCell[0m [36mfrom[0m [32m"@tiptap/extension-table-cell"[0m;
  [90m8 |[0m [36mimport[0m [33mTableHeader[0m [36mfrom[0m [32m"@tiptap/extension-table-header"[0m;

The export default was not found in module [project]/OneDrive/Desktop/QuntamBlaze 
ERP/node_modules/@tiptap/extension-table/dist/index.js [app-ssr] (ecmascript).
Did you mean to import updateColumns?
All exports of the module are statically known (It doesn't have dynamic exports). So it's known statically that the 
requested export doesn't exist.

Import traces:
  Client Component Browser:
    ./OneDrive/Desktop/QuntamBlaze ERP/src/hooks/useDocumentEditor.ts [Client Component Browser]
    ./OneDrive/Desktop/QuntamBlaze ERP/src/app/dashboard/documents/[docId]/edit/page.tsx [Client Component Browser]
    ./OneDrive/Desktop/QuntamBlaze ERP/src/app/dashboard/documents/[docId]/edit/page.tsx [Server Component]

  Client Component SSR:
    ./OneDrive/Desktop/QuntamBlaze ERP/src/hooks/useDocumentEditor.ts [Client Component SSR]
    ./OneDrive/Desktop/QuntamBlaze ERP/src/app/dashboard/documents/[docId]/edit/page.tsx [Client Component SSR]
    ./OneDrive/Desktop/QuntamBlaze ERP/src/app/dashboard/documents/[docId]/edit/page.tsx [Server Component]


    at <unknown> (./OneDrive/Desktop/QuntamBlaze ERP/src/app/dashboard/finance/invoices/new/page.tsx:7:1)
    at <unknown> (https://nextjs.org/docs/messages/module-not-found)
    at <unknown> (./OneDrive/Desktop/QuntamBlaze 
ERP/src/components/dashboard/finance/invoices/InvoicePDFTemplate.tsx:3:1)
    at <unknown> (https://nextjs.org/docs/messages/module-not-found)
    at <unknown> (./OneDrive/Desktop/QuntamBlaze ERP/src/hooks/useDocumentEditor.ts:8:1)
    at <unknown> (https://nextjs.org/docs/messages/module-not-found)
    at <unknown> (./OneDrive/Desktop/QuntamBlaze ERP/src/components/dashboard/projects/proposal/ProposalEditor.tsx:6:1)
    at <unknown> (./OneDrive/Desktop/QuntamBlaze ERP/src/components/dashboard/projects/proposal/ProposalEditor.tsx:6:1)
    at <unknown> (./OneDrive/Desktop/QuntamBlaze ERP/src/hooks/useDocumentEditor.ts:5:1)
    at <unknown> (./OneDrive/Desktop/QuntamBlaze ERP/src/hooks/useDocumentEditor.ts:5:1)
